[2025-12-16 13:44:07] Arquivo de metadata não encontrado. {
    "file": "C:\\xampp\\htdocs\\Gustavo\\skyline2\\metadata\/relatedFieldsCache.json"
}
[2025-12-16 13:45:35] Arquivo de metadata não encontrado. {
    "file": "C:\\xampp\\htdocs\\Gustavo\\skyline2\\metadata\/relatedFieldsCache.json"
}
[2025-12-16 13:45:36] Arquivo de metadata não encontrado. {
    "file": "C:\\xampp\\htdocs\\Gustavo\\skyline2\\metadata\/relatedFieldsCache.json"
}
[2025-12-16 13:45:36] Arquivo de metadata não encontrado. {
    "file": "C:\\xampp\\htdocs\\Gustavo\\skyline2\\metadata\/relatedFieldsCache.json"
}
[2025-12-16 13:45:36] Arquivo de metadata não encontrado. {
    "file": "C:\\xampp\\htdocs\\Gustavo\\skyline2\\metadata\/relatedFieldsCache.json"
}
[2025-12-17 13:28:05] Arquivo de metadata não encontrado. {
    "file": "C:\\xampp\\htdocs\\Gustavo\\skyline2\\metadata\/1.json"
}
[2025-12-17 13:58:26] Arquivo de metadata não encontrado. {
    "file": "C:\\xampp\\htdocs\\Gustavo\\skyline2\\metadata\/Array.json"
}
[2025-12-17 14:24:01] Arquivo de metadata não encontrado. {
    "file": "C:\\xampp\\htdocs\\Gustavo\\skyline2\\metadata\/Array.json"
}
[2025-12-17 14:30:19] Arquivo de metadata não encontrado. {
    "file": "C:\\xampp\\htdocs\\Gustavo\\skyline2\\metadata\/Array.json"
}
[2026-01-14 19:49:06] Tentando DROPAR a tabela {
    "table": "testeeeeee"
}
[2026-01-19 14:14:01] Tentando DROPAR a tabela {
    "table": "clientes"
}
[2026-01-19 14:14:02] Tentando DROPAR a tabela {
    "table": "clientes"
}
[2026-01-19 14:53:12] Tentando DROPAR a tabela {
    "table": "clientes"
}
[2026-01-19 14:54:43] Tentando DROPAR a tabela {
    "table": "pedidos"
}
[2026-01-19 15:28:43] Tentando DROPAR a tabela {
    "table": "veiculos"
}
[2026-01-19 15:43:01] Tentando DROPAR a tabela {
    "table": "clientes"
}
[2026-01-19 17:45:38] Tentando DROPAR a tabela {
    "table": "tasks"
}
[2026-01-19 17:46:09] Tentando DROPAR a tabela {
    "table": "tasks"
}
[2026-01-19 17:47:05] Tentando DROPAR a tabela {
    "table": "tasks"
}
[2026-01-19 17:48:36] Tentando DROPAR a tabela {
    "table": "tasks"
}
[2026-01-19 17:48:44] Tentando DROPAR a tabela {
    "table": "tasks"
}
[2026-01-19 17:49:32] Tentando DROPAR a tabela {
    "table": "tasks"
}
[2026-01-19 17:52:51] Tentando DROPAR a tabela {
    "table": "tasks"
}
[2026-01-19 17:53:07] Tentando DROPAR a tabela {
    "table": "tasks"
}
[2026-01-19 17:53:12] Tentando DROPAR a tabela {
    "table": "tasks"
}
[2026-01-19 17:56:51] Tentando DROPAR a tabela {
    "table": "tasks"
}
[2026-01-19 17:57:29] Tentando DROPAR a tabela {
    "table": "task_comments"
}
[2026-01-20 13:12:40] Tentando DROPAR a tabela {
    "table": "tasks"
}
[2026-01-20 15:56:02] Metadata do módulo pai não encontrado {
    "parentModule": "usuarios"
}
[2026-01-20 17:23:00] Metadata do módulo pai não encontrado {
    "parentModule": "usuarios"
}
